Loaded dependency [python3/3.11.9]: sqlite3/3.45.3
Loaded dependency [python3/3.11.9]: gcc/12.3.0-binutils-2.40
Loaded module: python3/3.11.9

Loading python3/3.11.9
  Loading requirement: sqlite3/3.45.3 gcc/12.3.0-binutils-2.40
Loaded module: cuda/12.1
Loaded module: ffmpeg/8.0
Using CPython 3.11.9 interpreter at: /appl9/python/3.11.9/bin/python3
Creating virtual environment at: .venv
Activate with: source .venv/bin/activate
Resolved 102 packages in 6ms
Installed 49 packages in 22.53s
 + contourpy==1.3.3
 + cycler==0.12.1
 + filelock==3.20.0
 + fonttools==4.60.1
 + fsspec==2025.10.0
 + imageio==2.37.2
 + jinja2==3.1.6
 + joblib==1.5.2
 + kiwisolver==1.4.9
 + lazy-loader==0.4
 + markupsafe==3.0.3
 + matplotlib==3.10.7
 + mpmath==1.3.0
 + networkx==3.5
 + numpy==2.3.4
 + nvidia-cublas-cu12==12.8.4.1
 + nvidia-cuda-cupti-cu12==12.8.90
 + nvidia-cuda-nvrtc-cu12==12.8.93
 + nvidia-cuda-runtime-cu12==12.8.90
 + nvidia-cudnn-cu12==9.10.2.21
 + nvidia-cufft-cu12==11.3.3.83
 + nvidia-cufile-cu12==1.13.1.3
 + nvidia-curand-cu12==10.3.9.90
 + nvidia-cusolver-cu12==11.7.3.90
 + nvidia-cusparse-cu12==12.5.8.93
 + nvidia-cusparselt-cu12==0.7.1
 + nvidia-nccl-cu12==2.27.5
 + nvidia-nvjitlink-cu12==12.8.93
 + nvidia-nvshmem-cu12==3.3.20
 + nvidia-nvtx-cu12==12.8.90
 + packaging==25.0
 + pandas==2.3.3
 + pillow==12.0.0
 + pyparsing==3.2.5
 + python-dateutil==2.9.0.post0
 + pytz==2025.2
 + scikit-image==0.25.2
 + scikit-learn==1.7.2
 + scipy==1.16.3
 + six==1.17.0
 + sympy==1.14.0
 + threadpoolctl==3.6.0
 + tifffile==2025.10.16
 + torch==2.9.0
 + torchcodec==0.8.1
 + torchvision==0.24.0
 + triton==3.5.0
 + typing-extensions==4.15.0
 + tzdata==2025.2
/zhome/41/a/214323/Deep-learning-for-segmentation-of-micro-tomography-images/src/scripts/train_with_baseline.py:224: RuntimeWarning: More than 20 figures have been opened. Figures created through the pyplot interface (`matplotlib.pyplot.figure`) are retained until explicitly closed and may consume too much memory. (To control this warning, see the rcParam `figure.max_open_warning`). Consider using `matplotlib.pyplot.close()`.
  fig, axs = plt.subplots(1, 3, figsize=(15, 5))
