Loaded dependency [python3/3.11.9]: sqlite3/3.45.3
Loaded dependency [python3/3.11.9]: gcc/12.3.0-binutils-2.40
Loaded module: python3/3.11.9

Loading python3/3.11.9
  Loading requirement: sqlite3/3.45.3 gcc/12.3.0-binutils-2.40
Loaded module: cuda/12.1
Loaded module: ffmpeg/8.0
Using CPython 3.11.9 interpreter at: /appl9/python/3.11.9/bin/python3
Creating virtual environment at: .venv
Activate with: source .venv/bin/activate
Resolved 103 packages in 356ms
Installed 49 packages in 12.73s
 + contourpy==1.3.3
 + cycler==0.12.1
 + filelock==3.20.0
 + fonttools==4.60.1
 + fsspec==2025.10.0
 + imageio==2.37.2
 + jinja2==3.1.6
 + joblib==1.5.2
 + kiwisolver==1.4.9
 + lazy-loader==0.4
 + markupsafe==3.0.3
 + matplotlib==3.10.7
 + mpmath==1.3.0
 + networkx==3.5
 + numpy==2.3.4
 + nvidia-cublas-cu12==12.8.4.1
 + nvidia-cuda-cupti-cu12==12.8.90
 + nvidia-cuda-nvrtc-cu12==12.8.93
 + nvidia-cuda-runtime-cu12==12.8.90
 + nvidia-cudnn-cu12==9.10.2.21
 + nvidia-cufft-cu12==11.3.3.83
 + nvidia-cufile-cu12==1.13.1.3
 + nvidia-curand-cu12==10.3.9.90
 + nvidia-cusolver-cu12==11.7.3.90
 + nvidia-cusparse-cu12==12.5.8.93
 + nvidia-cusparselt-cu12==0.7.1
 + nvidia-nccl-cu12==2.27.5
 + nvidia-nvjitlink-cu12==12.8.93
 + nvidia-nvshmem-cu12==3.3.20
 + nvidia-nvtx-cu12==12.8.90
 + packaging==25.0
 + pandas==2.3.3
 + pillow==12.0.0
 + pyparsing==3.2.5
 + python-dateutil==2.9.0.post0
 + pytz==2025.2
 + scikit-image==0.25.2
 + scikit-learn==1.7.2
 + scipy==1.16.3
 + six==1.17.0
 + sympy==1.14.0
 + threadpoolctl==3.6.0
 + tifffile==2025.10.16
 + torch==2.9.0
 + torchcodec==0.8.1
 + torchvision==0.24.0
 + triton==3.5.0
 + typing-extensions==4.15.0
 + tzdata==2025.2
Traceback (most recent call last):
  File "<frozen runpy>", line 198, in _run_module_as_main
  File "<frozen runpy>", line 88, in _run_code
  File "/zhome/41/a/214323/Deep-learning-for-segmentation-of-micro-tomography-images/src/scripts/train_with_baseline.py", line 277, in <module>
    main(
  File "/zhome/41/a/214323/Deep-learning-for-segmentation-of-micro-tomography-images/src/scripts/train_with_baseline.py", line 138, in main
    scaler.scale(loss).backward()
  File "/zhome/41/a/214323/Deep-learning-for-segmentation-of-micro-tomography-images/.venv/lib/python3.11/site-packages/torch/_tensor.py", line 625, in backward
    torch.autograd.backward(
  File "/zhome/41/a/214323/Deep-learning-for-segmentation-of-micro-tomography-images/.venv/lib/python3.11/site-packages/torch/autograd/__init__.py", line 354, in backward
    _engine_run_backward(
  File "/zhome/41/a/214323/Deep-learning-for-segmentation-of-micro-tomography-images/.venv/lib/python3.11/site-packages/torch/autograd/graph.py", line 841, in _engine_run_backward
    return Variable._execution_engine.run_backward(  # Calls into the C++ engine to run the backward pass
           ^^^^^^^^^^^^^^^^^^^^^^^^^^^^^^^^^^^^^^^^^^^^^^^^^^^^^^^^^^^^^^^^^^^^^^^^^^^^^^^^^^^^^^^^^^^^^^
torch.OutOfMemoryError: CUDA out of memory. Tried to allocate 2.81 GiB. GPU 0 has a total capacity of 39.49 GiB of which 622.50 MiB is free. Including non-PyTorch memory, this process has 38.88 GiB memory in use. Of the allocated memory 34.31 GiB is allocated by PyTorch, and 4.07 GiB is reserved by PyTorch but unallocated. If reserved but unallocated memory is large try setting PYTORCH_CUDA_ALLOC_CONF=expandable_segments:True to avoid fragmentation.  See documentation for Memory Management  (https://pytorch.org/docs/stable/notes/cuda.html#environment-variables)
