Starting training script...
IMG_DATA_PATH: /zhome/0c/9/212141/DL/Deep-learning-for-segmentation-of-micro-tomography-images/datas/Original Images
MASK_DATA_PATH: /zhome/0c/9/212141/DL/Deep-learning-for-segmentation-of-micro-tomography-images/datas/Original Masks
SAVE_DIR: /zhome/0c/9/212141/DL/Deep-learning-for-segmentation-of-micro-tomography-images/models/predicted_models
EPOCHS: 100
LR: 1e-4
BATCH_SIZE: 1
Activating virtual environment...
Save directory created/checked: /zhome/0c/9/212141/DL/Deep-learning-for-segmentation-of-micro-tomography-images/models/predicted_models
Clearing CUDA cache...
Executing Python training script...
Train samples: 17
Val samples: 5
Using device: cuda
Size: torch.Size([1, 1, 768, 768])
Size: torch.Size([1, 64, 766, 766])
Size: torch.Size([1, 64, 764, 764])
Size: torch.Size([1, 64, 382, 382])
Size: torch.Size([1, 128, 380, 380])
Size: torch.Size([1, 128, 378, 378])
Size: torch.Size([1, 128, 189, 189])
Size: torch.Size([1, 256, 187, 187])
Size: torch.Size([1, 256, 185, 185])
Size: torch.Size([1, 256, 92, 92])
Size: torch.Size([1, 512, 90, 90])
Size: torch.Size([1, 512, 88, 88])
Size: torch.Size([1, 1024, 88, 88])
Size: torch.Size([1, 512, 88, 88])
Size: torch.Size([1, 1024, 88, 88])
Size: torch.Size([1, 1024, 88, 88])
Size: torch.Size([1, 512, 86, 86])
Size: torch.Size([1, 512, 84, 84])
Size: torch.Size([1, 512, 168, 168])
Size: torch.Size([1, 256, 168, 168])
Size: torch.Size([1, 512, 168, 168])
Size: torch.Size([1, 512, 168, 168])
Size: torch.Size([1, 256, 166, 166])
Size: torch.Size([1, 256, 164, 164])
Size: torch.Size([1, 256, 328, 328])
Size: torch.Size([1, 128, 328, 328])
Size: torch.Size([1, 256, 328, 328])
Size: torch.Size([1, 256, 328, 328])
Size: torch.Size([1, 128, 326, 326])
Size: torch.Size([1, 128, 324, 324])
Size: torch.Size([1, 128, 648, 648])
Size: torch.Size([1, 64, 648, 648])
Size: torch.Size([1, 128, 648, 648])
Size: torch.Size([1, 128, 648, 648])
Size: torch.Size([1, 64, 646, 646])
Size: torch.Size([1, 64, 644, 644])
Epoch 1/100 | Train Loss: 0.8187 | Val Loss: 0.8643 | Val Dice: 0.9484
Epoch 2/100 | Train Loss: 0.6910 | Val Loss: 0.6520 | Val Dice: 0.9484
Epoch 3/100 | Train Loss: 0.6238 | Val Loss: 0.7149 | Val Dice: 0.8647
Epoch 4/100 | Train Loss: 0.5812 | Val Loss: 0.5315 | Val Dice: 0.9478
Epoch 5/100 | Train Loss: 0.5464 | Val Loss: 0.5109 | Val Dice: 0.9458
Epoch 6/100 | Train Loss: 0.5175 | Val Loss: 0.4993 | Val Dice: 0.9490
Epoch 7/100 | Train Loss: 0.4868 | Val Loss: 0.4866 | Val Dice: 0.9484
Epoch 8/100 | Train Loss: 0.4679 | Val Loss: 0.4845 | Val Dice: 0.9493
Epoch 9/100 | Train Loss: 0.4558 | Val Loss: 0.4709 | Val Dice: 0.9457
Epoch 10/100 | Train Loss: 0.4234 | Val Loss: 0.4417 | Val Dice: 0.9511
Epoch 11/100 | Train Loss: 0.4065 | Val Loss: 0.5443 | Val Dice: 0.9201
Epoch 12/100 | Train Loss: 0.4025 | Val Loss: 0.4600 | Val Dice: 0.9416
Epoch 13/100 | Train Loss: 0.3933 | Val Loss: 0.4295 | Val Dice: 0.9489
Epoch 14/100 | Train Loss: 0.3721 | Val Loss: 0.4734 | Val Dice: 0.9398
Epoch 15/100 | Train Loss: 0.3692 | Val Loss: 0.4372 | Val Dice: 0.9475
Epoch 16/100 | Train Loss: 0.3540 | Val Loss: 0.4213 | Val Dice: 0.9504
Epoch 17/100 | Train Loss: 0.3398 | Val Loss: 0.3891 | Val Dice: 0.9549
Epoch 18/100 | Train Loss: 0.3248 | Val Loss: 0.4586 | Val Dice: 0.9370
Epoch 19/100 | Train Loss: 0.3000 | Val Loss: 0.3758 | Val Dice: 0.9552
Epoch 20/100 | Train Loss: 0.3029 | Val Loss: 0.3752 | Val Dice: 0.9546
Epoch 21/100 | Train Loss: 0.2999 | Val Loss: 0.3883 | Val Dice: 0.9508
Epoch 22/100 | Train Loss: 0.2972 | Val Loss: 0.3754 | Val Dice: 0.9554
Epoch 23/100 | Train Loss: 0.2815 | Val Loss: 0.4395 | Val Dice: 0.9367
Epoch 24/100 | Train Loss: 0.2797 | Val Loss: 0.3753 | Val Dice: 0.9549
Epoch 25/100 | Train Loss: 0.2725 | Val Loss: 0.3913 | Val Dice: 0.9519
Epoch 26/100 | Train Loss: 0.2717 | Val Loss: 0.3753 | Val Dice: 0.9537
Epoch 27/100 | Train Loss: 0.2694 | Val Loss: 0.3704 | Val Dice: 0.9551
Epoch 28/100 | Train Loss: 0.2555 | Val Loss: 0.3720 | Val Dice: 0.9527
Epoch 29/100 | Train Loss: 0.2445 | Val Loss: 0.3660 | Val Dice: 0.9543
Epoch 30/100 | Train Loss: 0.2561 | Val Loss: 0.3891 | Val Dice: 0.9490
Epoch 31/100 | Train Loss: 0.2343 | Val Loss: 0.3712 | Val Dice: 0.9535
Epoch 32/100 | Train Loss: 0.2279 | Val Loss: 0.3797 | Val Dice: 0.9524
Epoch 33/100 | Train Loss: 0.2369 | Val Loss: 0.3638 | Val Dice: 0.9540
Epoch 34/100 | Train Loss: 0.2241 | Val Loss: 0.3625 | Val Dice: 0.9554
Epoch 35/100 | Train Loss: 0.2235 | Val Loss: 0.3600 | Val Dice: 0.9550
Epoch 36/100 | Train Loss: 0.2112 | Val Loss: 0.3600 | Val Dice: 0.9554
Epoch 37/100 | Train Loss: 0.2096 | Val Loss: 0.3522 | Val Dice: 0.9567
Epoch 38/100 | Train Loss: 0.2139 | Val Loss: 0.3639 | Val Dice: 0.9553
Epoch 39/100 | Train Loss: 0.1995 | Val Loss: 0.3627 | Val Dice: 0.9552
Epoch 40/100 | Train Loss: 0.2130 | Val Loss: 0.3583 | Val Dice: 0.9559
Epoch 41/100 | Train Loss: 0.2235 | Val Loss: 0.3745 | Val Dice: 0.9535
Epoch 42/100 | Train Loss: 0.2028 | Val Loss: 0.3690 | Val Dice: 0.9538
Epoch 43/100 | Train Loss: 0.2104 | Val Loss: 0.3635 | Val Dice: 0.9550
Epoch 44/100 | Train Loss: 0.2045 | Val Loss: 0.3619 | Val Dice: 0.9548
Epoch 45/100 | Train Loss: 0.2163 | Val Loss: 0.3542 | Val Dice: 0.9565
Epoch 46/100 | Train Loss: 0.1968 | Val Loss: 0.3719 | Val Dice: 0.9534
Epoch 47/100 | Train Loss: 0.1976 | Val Loss: 0.3575 | Val Dice: 0.9565
Epoch 48/100 | Train Loss: 0.2070 | Val Loss: 0.3585 | Val Dice: 0.9556
Epoch 49/100 | Train Loss: 0.2104 | Val Loss: 0.3569 | Val Dice: 0.9570
Epoch 50/100 | Train Loss: 0.2031 | Val Loss: 0.3556 | Val Dice: 0.9563
Epoch 51/100 | Train Loss: 0.2062 | Val Loss: 0.3524 | Val Dice: 0.9571
Epoch 52/100 | Train Loss: 0.1950 | Val Loss: 0.3564 | Val Dice: 0.9555
Epoch 53/100 | Train Loss: 0.1896 | Val Loss: 0.3571 | Val Dice: 0.9561
Epoch 54/100 | Train Loss: 0.1921 | Val Loss: 0.3548 | Val Dice: 0.9564
Epoch 55/100 | Train Loss: 0.1920 | Val Loss: 0.3635 | Val Dice: 0.9549
Epoch 56/100 | Train Loss: 0.1949 | Val Loss: 0.3590 | Val Dice: 0.9560
Epoch 57/100 | Train Loss: 0.2004 | Val Loss: 0.3585 | Val Dice: 0.9558
Epoch 58/100 | Train Loss: 0.1909 | Val Loss: 0.3568 | Val Dice: 0.9554
Epoch 59/100 | Train Loss: 0.1914 | Val Loss: 0.3626 | Val Dice: 0.9547
Epoch 60/100 | Train Loss: 0.1939 | Val Loss: 0.3629 | Val Dice: 0.9553
Epoch 61/100 | Train Loss: 0.1919 | Val Loss: 0.3604 | Val Dice: 0.9556
Epoch 62/100 | Train Loss: 0.1870 | Val Loss: 0.3595 | Val Dice: 0.9549
Epoch 63/100 | Train Loss: 0.1985 | Val Loss: 0.3673 | Val Dice: 0.9535
Epoch 64/100 | Train Loss: 0.1896 | Val Loss: 0.3558 | Val Dice: 0.9557
Epoch 65/100 | Train Loss: 0.1958 | Val Loss: 0.3573 | Val Dice: 0.9556
Epoch 66/100 | Train Loss: 0.1886 | Val Loss: 0.3513 | Val Dice: 0.9573
Epoch 67/100 | Train Loss: 0.1838 | Val Loss: 0.3574 | Val Dice: 0.9568
Epoch 68/100 | Train Loss: 0.1923 | Val Loss: 0.3637 | Val Dice: 0.9546
Epoch 69/100 | Train Loss: 0.1974 | Val Loss: 0.3603 | Val Dice: 0.9563
Epoch 70/100 | Train Loss: 0.1958 | Val Loss: 0.3497 | Val Dice: 0.9573
Epoch 71/100 | Train Loss: 0.1747 | Val Loss: 0.3569 | Val Dice: 0.9556
Epoch 72/100 | Train Loss: 0.1919 | Val Loss: 0.3579 | Val Dice: 0.9557
Epoch 73/100 | Train Loss: 0.1957 | Val Loss: 0.3550 | Val Dice: 0.9555
Epoch 74/100 | Train Loss: 0.2048 | Val Loss: 0.3560 | Val Dice: 0.9563
Epoch 75/100 | Train Loss: 0.1845 | Val Loss: 0.3614 | Val Dice: 0.9559
Epoch 76/100 | Train Loss: 0.1905 | Val Loss: 0.3574 | Val Dice: 0.9557
Epoch 77/100 | Train Loss: 0.1902 | Val Loss: 0.3591 | Val Dice: 0.9559
Epoch 78/100 | Train Loss: 0.1863 | Val Loss: 0.3516 | Val Dice: 0.9568
Epoch 79/100 | Train Loss: 0.1936 | Val Loss: 0.3555 | Val Dice: 0.9561
Epoch 80/100 | Train Loss: 0.1958 | Val Loss: 0.3541 | Val Dice: 0.9570
Epoch 81/100 | Train Loss: 0.1887 | Val Loss: 0.3541 | Val Dice: 0.9562
Epoch 82/100 | Train Loss: 0.1835 | Val Loss: 0.3563 | Val Dice: 0.9565
Epoch 83/100 | Train Loss: 0.1959 | Val Loss: 0.3588 | Val Dice: 0.9547
Epoch 84/100 | Train Loss: 0.1914 | Val Loss: 0.3605 | Val Dice: 0.9552
Epoch 85/100 | Train Loss: 0.1827 | Val Loss: 0.3568 | Val Dice: 0.9557
Epoch 86/100 | Train Loss: 0.1924 | Val Loss: 0.3602 | Val Dice: 0.9558
Epoch 87/100 | Train Loss: 0.1921 | Val Loss: 0.3539 | Val Dice: 0.9570
Epoch 88/100 | Train Loss: 0.1938 | Val Loss: 0.3574 | Val Dice: 0.9565
Epoch 89/100 | Train Loss: 0.1814 | Val Loss: 0.3535 | Val Dice: 0.9558
Early stopping at epoch 90
Final Average Dice Score over Validation Images: 0.9560
Model saved to /zhome/0c/9/212141/DL/Deep-learning-for-segmentation-of-micro-tomography-images/models/predicted_models/unet_vit_trained.pth ✔
Example prediction and ground truth saved to /zhome/0c/9/212141/DL/Deep-learning-for-segmentation-of-micro-tomography-images/models/predicted_models/predictions/pred_example.tif ✔
Training script finished successfully.

------------------------------------------------------------
Sender: LSF System <lsfadmin@hpc.dtu.dk>
Subject: Job 27214324: <UnetViTTrain> in cluster <dcc> Done

Job <UnetViTTrain> was submitted from host <n-62-11-12> by user <s241646> in cluster <dcc> at Sat Nov 29 16:16:36 2025
Job was executed on host(s) <4*n-62-18-13>, in queue <c02516>, as user <s241646> in cluster <dcc> at Sat Nov 29 16:16:36 2025
</zhome/0c/9/212141> was used as the home directory.
</zhome/0c/9/212141/DL/Deep-learning-for-segmentation-of-micro-tomography-images> was used as the working directory.
Started at Sat Nov 29 16:16:36 2025
Terminated at Sat Nov 29 16:31:27 2025
Results reported at Sat Nov 29 16:31:27 2025

Your job looked like:

------------------------------------------------------------
# LSBATCH: User input
#!/bin/bash

# ------------------------------
# BSUB directives (LSF scheduler)
# ------------------------------

# Queue with GPU nodes (change if needed)
#BSUB -q c02516

# Request 1 GPU in exclusive mode (if supported by your cluster)
#BSUB -gpu "num=1:mode=exclusive_process"

# Job name
#BSUB -J UnetViTTrain

# Number of CPU cores
#BSUB -n 4

# Keep job on a single node
#BSUB -R "span[hosts=1]"

# Request sufficient RAM (increase if needed)
#BSUB -R "rusage[mem=20GB]"

# Wall time (hh:mm)
#BSUB -W 08:00

# Absolute paths for log files
#BSUB -o /zhome/0c/9/212141/DL/Deep-learning-for-segmentation-of-micro-tomography-images/logs/unetvit_train_%J.out
#BSUB -e /zhome/0c/9/212141/DL/Deep-learning-for-segmentation-of-micro-tomography-images/logs/unetvit_train_%J.err


# ------------------------------
# Script starts
# ------------------------------

set -e

# ------------------------------
# Configuration
# ------------------------------
IMG_DATA_PATH="/zhome/0c/9/212141/DL/Deep-learning-for-segmentation-of-micro-tomography-images/datas/Original Images"
MASK_DATA_PATH="/zhome/0c/9/212141/DL/Deep-learning-for-segmentation-of-micro-tomography-images/datas/Original Masks"
SAVE_DIR="/zhome/0c/9/212141/DL/Deep-learning-for-segmentation-of-micro-tomography-images/models/predicted_models"

EPOCHS=100
LR=1e-4
BATCH_SIZE=1  # can reduce to 2 or 1 if OOM persists

# Set PyTorch environment variable to reduce fragmentation

(... more ...)
------------------------------------------------------------

Successfully completed.

Resource usage summary:

    CPU time :                                   885.06 sec.
    Max Memory :                                 936 MB
    Average Memory :                             935.56 MB
    Total Requested Memory :                     81920.00 MB
    Delta Memory :                               80984.00 MB
    Max Swap :                                   -
    Max Processes :                              4
    Max Threads :                                8
    Run time :                                   1002 sec.
    Turnaround time :                            891 sec.

The output (if any) is above this job summary.



PS:

Read file </zhome/0c/9/212141/DL/Deep-learning-for-segmentation-of-micro-tomography-images/logs/unetvit_train_27214324.err> for stderr output of this job.

