Starting training script...
IMG_DATA_PATH: /zhome/0c/9/212141/DL/Deep-learning-for-segmentation-of-micro-tomography-images/datas/Original Images
MASK_DATA_PATH: /zhome/0c/9/212141/DL/Deep-learning-for-segmentation-of-micro-tomography-images/datas/Original Masks
SAVE_DIR: /zhome/0c/9/212141/DL/Deep-learning-for-segmentation-of-micro-tomography-images/models/predicted_models
EPOCHS: 100
LR: 1e-4
BATCH_SIZE: 1
Activating virtual environment...
Save directory created/checked: /zhome/0c/9/212141/DL/Deep-learning-for-segmentation-of-micro-tomography-images/models/predicted_models
Clearing CUDA cache...
Executing Python training script...
Train samples: 17
Val samples: 5
Using device: cuda
Size: torch.Size([1, 1, 768, 768])
Size: torch.Size([1, 64, 766, 766])
Size: torch.Size([1, 64, 764, 764])
Size: torch.Size([1, 64, 382, 382])
Size: torch.Size([1, 128, 380, 380])
Size: torch.Size([1, 128, 378, 378])
Size: torch.Size([1, 128, 189, 189])
Size: torch.Size([1, 256, 187, 187])
Size: torch.Size([1, 256, 185, 185])
Size: torch.Size([1, 256, 92, 92])
Size: torch.Size([1, 512, 90, 90])
Size: torch.Size([1, 512, 88, 88])
Size: torch.Size([1, 1024, 88, 88])
Size: torch.Size([1, 512, 88, 88])
Size: torch.Size([1, 1024, 88, 88])
Size: torch.Size([1, 1024, 88, 88])
Size: torch.Size([1, 512, 86, 86])
Size: torch.Size([1, 512, 84, 84])
Size: torch.Size([1, 512, 168, 168])
Size: torch.Size([1, 256, 168, 168])
Size: torch.Size([1, 512, 168, 168])
Size: torch.Size([1, 512, 168, 168])
Size: torch.Size([1, 256, 166, 166])
Size: torch.Size([1, 256, 164, 164])
Size: torch.Size([1, 256, 328, 328])
Size: torch.Size([1, 128, 328, 328])
Size: torch.Size([1, 256, 328, 328])
Size: torch.Size([1, 256, 328, 328])
Size: torch.Size([1, 128, 326, 326])
Size: torch.Size([1, 128, 324, 324])
Size: torch.Size([1, 128, 648, 648])
Size: torch.Size([1, 64, 648, 648])
Size: torch.Size([1, 128, 648, 648])
Size: torch.Size([1, 128, 648, 648])
Size: torch.Size([1, 64, 646, 646])
Size: torch.Size([1, 64, 644, 644])
Epoch 1/100 | Train Loss: 1.2204 | Val Loss: 1.1312 | Val Dice: 0.0000
Epoch 2/100 | Train Loss: 0.9406 | Val Loss: 1.9233 | Val Dice: 0.0000
Epoch 3/100 | Train Loss: 0.8792 | Val Loss: 0.7613 | Val Dice: 0.9468
Epoch 4/100 | Train Loss: 0.8192 | Val Loss: 0.7603 | Val Dice: 0.9463
Epoch 5/100 | Train Loss: 0.7786 | Val Loss: 0.7318 | Val Dice: 0.9464
Epoch 6/100 | Train Loss: 0.7563 | Val Loss: 0.7647 | Val Dice: 0.9289
Epoch 7/100 | Train Loss: 0.7435 | Val Loss: 0.7010 | Val Dice: 0.9420
Epoch 8/100 | Train Loss: 0.7391 | Val Loss: 0.7414 | Val Dice: 0.9440
Epoch 9/100 | Train Loss: 0.7025 | Val Loss: 0.7475 | Val Dice: 0.9201
Epoch 10/100 | Train Loss: 0.6860 | Val Loss: 0.6701 | Val Dice: 0.9465
Epoch 11/100 | Train Loss: 0.6572 | Val Loss: 0.6546 | Val Dice: 0.9476
Epoch 12/100 | Train Loss: 0.6751 | Val Loss: 0.6602 | Val Dice: 0.9485
Epoch 13/100 | Train Loss: 0.6436 | Val Loss: 0.6303 | Val Dice: 0.9495
Epoch 14/100 | Train Loss: 0.6274 | Val Loss: 0.6273 | Val Dice: 0.9489
Epoch 15/100 | Train Loss: 0.6178 | Val Loss: 0.6643 | Val Dice: 0.9491
Epoch 16/100 | Train Loss: 0.6074 | Val Loss: 0.6382 | Val Dice: 0.9500
Epoch 17/100 | Train Loss: 0.6091 | Val Loss: 0.6591 | Val Dice: 0.9337
Epoch 18/100 | Train Loss: 0.5993 | Val Loss: 0.6023 | Val Dice: 0.9507
Epoch 19/100 | Train Loss: 0.5846 | Val Loss: 0.5982 | Val Dice: 0.9489
Epoch 20/100 | Train Loss: 0.5924 | Val Loss: 0.6322 | Val Dice: 0.9511
Epoch 21/100 | Train Loss: 0.5572 | Val Loss: 0.5636 | Val Dice: 0.9530
Epoch 22/100 | Train Loss: 0.5856 | Val Loss: 0.6222 | Val Dice: 0.9477
Epoch 23/100 | Train Loss: 0.5459 | Val Loss: 0.5722 | Val Dice: 0.9517
Epoch 24/100 | Train Loss: 0.5451 | Val Loss: 0.5758 | Val Dice: 0.9510
Epoch 25/100 | Train Loss: 0.5262 | Val Loss: 0.5597 | Val Dice: 0.9518
Epoch 26/100 | Train Loss: 0.5330 | Val Loss: 0.5670 | Val Dice: 0.9509
Epoch 27/100 | Train Loss: 0.5358 | Val Loss: 0.6340 | Val Dice: 0.9252
Epoch 28/100 | Train Loss: 0.5163 | Val Loss: 0.5370 | Val Dice: 0.9563
Epoch 29/100 | Train Loss: 0.4888 | Val Loss: 0.5326 | Val Dice: 0.9561
Epoch 30/100 | Train Loss: 0.4793 | Val Loss: 0.5384 | Val Dice: 0.9553
Epoch 31/100 | Train Loss: 0.4847 | Val Loss: 0.5210 | Val Dice: 0.9568
Epoch 32/100 | Train Loss: 0.4827 | Val Loss: 0.5142 | Val Dice: 0.9568
Epoch 33/100 | Train Loss: 0.4889 | Val Loss: 0.5516 | Val Dice: 0.9507
Epoch 34/100 | Train Loss: 0.4638 | Val Loss: 0.5164 | Val Dice: 0.9584
Epoch 35/100 | Train Loss: 0.4818 | Val Loss: 0.5398 | Val Dice: 0.9530
Epoch 36/100 | Train Loss: 0.4645 | Val Loss: 0.5084 | Val Dice: 0.9593
Epoch 37/100 | Train Loss: 0.4810 | Val Loss: 0.5389 | Val Dice: 0.9552
Epoch 38/100 | Train Loss: 0.4509 | Val Loss: 0.5137 | Val Dice: 0.9569
Epoch 39/100 | Train Loss: 0.4655 | Val Loss: 0.5189 | Val Dice: 0.9556
Epoch 40/100 | Train Loss: 0.4642 | Val Loss: 0.5032 | Val Dice: 0.9587
Epoch 41/100 | Train Loss: 0.4438 | Val Loss: 0.5226 | Val Dice: 0.9549
Epoch 42/100 | Train Loss: 0.4376 | Val Loss: 0.5073 | Val Dice: 0.9574
Epoch 43/100 | Train Loss: 0.4216 | Val Loss: 0.4899 | Val Dice: 0.9592
Epoch 44/100 | Train Loss: 0.4402 | Val Loss: 0.4912 | Val Dice: 0.9589
Epoch 45/100 | Train Loss: 0.4203 | Val Loss: 0.4909 | Val Dice: 0.9597
Epoch 46/100 | Train Loss: 0.4246 | Val Loss: 0.5016 | Val Dice: 0.9571
Epoch 47/100 | Train Loss: 0.4263 | Val Loss: 0.4945 | Val Dice: 0.9593
Epoch 48/100 | Train Loss: 0.4190 | Val Loss: 0.4991 | Val Dice: 0.9596
Epoch 49/100 | Train Loss: 0.4036 | Val Loss: 0.4811 | Val Dice: 0.9605
Epoch 50/100 | Train Loss: 0.4111 | Val Loss: 0.5088 | Val Dice: 0.9558
Epoch 51/100 | Train Loss: 0.3961 | Val Loss: 0.4950 | Val Dice: 0.9586
Epoch 52/100 | Train Loss: 0.4277 | Val Loss: 0.5000 | Val Dice: 0.9576
Epoch 53/100 | Train Loss: 0.4346 | Val Loss: 0.4984 | Val Dice: 0.9577
Epoch 54/100 | Train Loss: 0.3962 | Val Loss: 0.4976 | Val Dice: 0.9566
Epoch 55/100 | Train Loss: 0.3785 | Val Loss: 0.4851 | Val Dice: 0.9602
Epoch 56/100 | Train Loss: 0.4296 | Val Loss: 0.4758 | Val Dice: 0.9609
Epoch 57/100 | Train Loss: 0.4225 | Val Loss: 0.4819 | Val Dice: 0.9590
Epoch 58/100 | Train Loss: 0.4050 | Val Loss: 0.4919 | Val Dice: 0.9589
Epoch 59/100 | Train Loss: 0.3979 | Val Loss: 0.4919 | Val Dice: 0.9606
Epoch 60/100 | Train Loss: 0.3973 | Val Loss: 0.4792 | Val Dice: 0.9595
Epoch 61/100 | Train Loss: 0.3997 | Val Loss: 0.4834 | Val Dice: 0.9600
Epoch 62/100 | Train Loss: 0.4005 | Val Loss: 0.4982 | Val Dice: 0.9579
Epoch 63/100 | Train Loss: 0.3882 | Val Loss: 0.4908 | Val Dice: 0.9602
Epoch 64/100 | Train Loss: 0.3930 | Val Loss: 0.4910 | Val Dice: 0.9599
Epoch 65/100 | Train Loss: 0.3899 | Val Loss: 0.4947 | Val Dice: 0.9571
Epoch 66/100 | Train Loss: 0.3993 | Val Loss: 0.4849 | Val Dice: 0.9601
Epoch 67/100 | Train Loss: 0.3903 | Val Loss: 0.4859 | Val Dice: 0.9603
Epoch 68/100 | Train Loss: 0.3939 | Val Loss: 0.4884 | Val Dice: 0.9595
Epoch 69/100 | Train Loss: 0.3917 | Val Loss: 0.4869 | Val Dice: 0.9607
Epoch 70/100 | Train Loss: 0.3891 | Val Loss: 0.4814 | Val Dice: 0.9604
Epoch 71/100 | Train Loss: 0.3876 | Val Loss: 0.4875 | Val Dice: 0.9604
Epoch 72/100 | Train Loss: 0.3787 | Val Loss: 0.4922 | Val Dice: 0.9594
Epoch 73/100 | Train Loss: 0.3954 | Val Loss: 0.4780 | Val Dice: 0.9604
Epoch 74/100 | Train Loss: 0.3861 | Val Loss: 0.4831 | Val Dice: 0.9595
Epoch 75/100 | Train Loss: 0.3760 | Val Loss: 0.4837 | Val Dice: 0.9593
Early stopping at epoch 76
Final Average Dice Score over Validation Images: 0.9598
Model saved to /zhome/0c/9/212141/DL/Deep-learning-for-segmentation-of-micro-tomography-images/models/predicted_models/unet_vit_trained.pth ✔
Example prediction and ground truth saved to /zhome/0c/9/212141/DL/Deep-learning-for-segmentation-of-micro-tomography-images/models/predicted_models/predictions/pred_example.tif ✔
Training script finished successfully.

------------------------------------------------------------
Sender: LSF System <lsfadmin@hpc.dtu.dk>
Subject: Job 27214009: <UnetViTTrain> in cluster <dcc> Done

Job <UnetViTTrain> was submitted from host <n-62-11-12> by user <s241646> in cluster <dcc> at Sat Nov 29 15:27:04 2025
Job was executed on host(s) <4*n-62-18-13>, in queue <c02516>, as user <s241646> in cluster <dcc> at Sat Nov 29 15:27:45 2025
</zhome/0c/9/212141> was used as the home directory.
</zhome/0c/9/212141/DL/Deep-learning-for-segmentation-of-micro-tomography-images> was used as the working directory.
Started at Sat Nov 29 15:27:45 2025
Terminated at Sat Nov 29 15:40:18 2025
Results reported at Sat Nov 29 15:40:18 2025

Your job looked like:

------------------------------------------------------------
# LSBATCH: User input
#!/bin/bash

# ------------------------------
# BSUB directives (LSF scheduler)
# ------------------------------

# Queue with GPU nodes (change if needed)
#BSUB -q c02516

# Request 1 GPU in exclusive mode (if supported by your cluster)
#BSUB -gpu "num=1:mode=exclusive_process"

# Job name
#BSUB -J UnetViTTrain

# Number of CPU cores
#BSUB -n 4

# Keep job on a single node
#BSUB -R "span[hosts=1]"

# Request sufficient RAM (increase if needed)
#BSUB -R "rusage[mem=20GB]"

# Wall time (hh:mm)
#BSUB -W 08:00

# Absolute paths for log files
#BSUB -o /zhome/0c/9/212141/DL/Deep-learning-for-segmentation-of-micro-tomography-images/logs/unetvit_train_%J.out
#BSUB -e /zhome/0c/9/212141/DL/Deep-learning-for-segmentation-of-micro-tomography-images/logs/unetvit_train_%J.err


# ------------------------------
# Script starts
# ------------------------------

set -e

# ------------------------------
# Configuration
# ------------------------------
IMG_DATA_PATH="/zhome/0c/9/212141/DL/Deep-learning-for-segmentation-of-micro-tomography-images/datas/Original Images"
MASK_DATA_PATH="/zhome/0c/9/212141/DL/Deep-learning-for-segmentation-of-micro-tomography-images/datas/Original Masks"
SAVE_DIR="/zhome/0c/9/212141/DL/Deep-learning-for-segmentation-of-micro-tomography-images/models/predicted_models"

EPOCHS=100
LR=1e-4
BATCH_SIZE=1  # can reduce to 2 or 1 if OOM persists

# Set PyTorch environment variable to reduce fragmentation

(... more ...)
------------------------------------------------------------

Successfully completed.

Resource usage summary:

    CPU time :                                   747.58 sec.
    Max Memory :                                 939 MB
    Average Memory :                             931.89 MB
    Total Requested Memory :                     81920.00 MB
    Delta Memory :                               80981.00 MB
    Max Swap :                                   -
    Max Processes :                              4
    Max Threads :                                8
    Run time :                                   754 sec.
    Turnaround time :                            794 sec.

The output (if any) is above this job summary.



PS:

Read file </zhome/0c/9/212141/DL/Deep-learning-for-segmentation-of-micro-tomography-images/logs/unetvit_train_27214009.err> for stderr output of this job.

