Starting training script...
IMG_DATA_PATH: /zhome/0c/9/212141/DL/Deep-learning-for-segmentation-of-micro-tomography-images/datas/Original Images
MASK_DATA_PATH: /zhome/0c/9/212141/DL/Deep-learning-for-segmentation-of-micro-tomography-images/datas/Original Masks
SAVE_DIR: /zhome/0c/9/212141/DL/Deep-learning-for-segmentation-of-micro-tomography-images/models/predicted_models
EPOCHS: 100
LR: 1e-4
BATCH_SIZE: 1
Activating virtual environment...
Save directory created/checked: /zhome/0c/9/212141/DL/Deep-learning-for-segmentation-of-micro-tomography-images/models/predicted_models
Clearing CUDA cache...
Executing Python training script...
Train samples: 17 | Val samples: 5
Size: torch.Size([1, 1024, 96, 96])
Size: torch.Size([1, 512, 96, 96])
Size: torch.Size([1, 1024, 96, 96])
Size: torch.Size([1, 512, 192, 192])
Size: torch.Size([1, 256, 192, 192])
Size: torch.Size([1, 512, 192, 192])
Size: torch.Size([1, 256, 384, 384])
Size: torch.Size([1, 128, 384, 384])
Size: torch.Size([1, 256, 384, 384])
Size: torch.Size([1, 128, 768, 768])
Size: torch.Size([1, 64, 768, 768])
Size: torch.Size([1, 128, 768, 768])
Epoch 1/100 | Train: 1.0006 | Val: 0.9343 | Dice: 0.0000
Epoch 2/100 | Train: 0.7418 | Val: 0.6361 | Dice: 0.9413
Epoch 3/100 | Train: 0.6509 | Val: 0.6227 | Dice: 0.9344
Epoch 4/100 | Train: 0.6337 | Val: 0.5944 | Dice: 0.9372
Epoch 5/100 | Train: 0.5456 | Val: 0.5629 | Dice: 0.9373
Epoch 6/100 | Train: 0.5485 | Val: 0.6272 | Dice: 0.9120
Epoch 7/100 | Train: 0.4874 | Val: 0.5572 | Dice: 0.9343
Epoch 8/100 | Train: 0.4774 | Val: 0.5278 | Dice: 0.9445
Epoch 9/100 | Train: 0.4547 | Val: 0.5604 | Dice: 0.9413
Epoch 10/100 | Train: 0.4442 | Val: 0.5358 | Dice: 0.9441
Epoch 11/100 | Train: 0.4232 | Val: 0.5169 | Dice: 0.9441
Epoch 12/100 | Train: 0.4254 | Val: 0.5094 | Dice: 0.9430
Epoch 13/100 | Train: 0.4001 | Val: 0.4856 | Dice: 0.9499
Epoch 14/100 | Train: 0.3881 | Val: 0.4844 | Dice: 0.9489
Epoch 15/100 | Train: 0.3778 | Val: 0.4614 | Dice: 0.9551
Epoch 16/100 | Train: 0.3833 | Val: 0.5628 | Dice: 0.9160
Epoch 17/100 | Train: 0.3940 | Val: 0.6548 | Dice: 0.9003
Epoch 18/100 | Train: 0.3642 | Val: 0.4223 | Dice: 0.9608
Epoch 19/100 | Train: 0.3439 | Val: 0.4737 | Dice: 0.9510
Epoch 20/100 | Train: 0.3524 | Val: 0.4470 | Dice: 0.9517
Epoch 21/100 | Train: 0.3256 | Val: 0.4381 | Dice: 0.9542
Epoch 22/100 | Train: 0.3212 | Val: 0.4152 | Dice: 0.9601
Epoch 23/100 | Train: 0.3123 | Val: 0.4253 | Dice: 0.9588
Epoch 24/100 | Train: 0.2975 | Val: 0.4217 | Dice: 0.9549
Epoch 25/100 | Train: 0.3067 | Val: 0.4038 | Dice: 0.9541
Epoch 26/100 | Train: 0.2923 | Val: 0.3995 | Dice: 0.9594
Epoch 27/100 | Train: 0.2852 | Val: 0.3772 | Dice: 0.9603
Epoch 28/100 | Train: 0.2791 | Val: 0.3967 | Dice: 0.9590
Epoch 29/100 | Train: 0.2657 | Val: 0.4519 | Dice: 0.9327
Epoch 30/100 | Train: 0.2530 | Val: 0.3870 | Dice: 0.9580
Epoch 31/100 | Train: 0.2554 | Val: 0.3998 | Dice: 0.9538
Epoch 32/100 | Train: 0.2556 | Val: 0.3755 | Dice: 0.9575
Epoch 33/100 | Train: 0.2338 | Val: 0.3627 | Dice: 0.9581
Early stopping epoch 33
Model saved ✔ /zhome/0c/9/212141/DL/Deep-learning-for-segmentation-of-micro-tomography-images/models/predicted_models/unet_vit_trained.pth
Training script finished successfully.

------------------------------------------------------------
Sender: LSF System <lsfadmin@hpc.dtu.dk>
Subject: Job 27222288: <UnetViTTrain> in cluster <dcc> Done

Job <UnetViTTrain> was submitted from host <n-62-11-12> by user <s241646> in cluster <dcc> at Sun Nov 30 22:54:18 2025
Job was executed on host(s) <4*n-62-18-13>, in queue <c02516>, as user <s241646> in cluster <dcc> at Sun Nov 30 22:54:19 2025
</zhome/0c/9/212141> was used as the home directory.
</zhome/0c/9/212141/DL/Deep-learning-for-segmentation-of-micro-tomography-images> was used as the working directory.
Started at Sun Nov 30 22:54:19 2025
Terminated at Sun Nov 30 22:59:23 2025
Results reported at Sun Nov 30 22:59:23 2025

Your job looked like:

------------------------------------------------------------
# LSBATCH: User input
#!/bin/bash

# ------------------------------
# BSUB directives (LSF scheduler)
# ------------------------------

# Queue with GPU nodes (change if needed)
#BSUB -q c02516

# Request 1 GPU in exclusive mode (if supported by your cluster)
#BSUB -gpu "num=1:mode=exclusive_process"

# Job name
#BSUB -J UnetViTTrain

# Number of CPU cores
#BSUB -n 4

# Keep job on a single node
#BSUB -R "span[hosts=1]"

# Request sufficient RAM (increase if needed)
#BSUB -R "rusage[mem=20GB]"

# Wall time (hh:mm)
#BSUB -W 08:00

# Absolute paths for log files
#BSUB -o /zhome/0c/9/212141/DL/Deep-learning-for-segmentation-of-micro-tomography-images/logs/unetvit_train_%J.out
#BSUB -e /zhome/0c/9/212141/DL/Deep-learning-for-segmentation-of-micro-tomography-images/logs/unetvit_train_%J.err


# ------------------------------
# Script starts
# ------------------------------

set -e

# ------------------------------
# Configuration
# ------------------------------
IMG_DATA_PATH="/zhome/0c/9/212141/DL/Deep-learning-for-segmentation-of-micro-tomography-images/datas/Original Images"
MASK_DATA_PATH="/zhome/0c/9/212141/DL/Deep-learning-for-segmentation-of-micro-tomography-images/datas/Original Masks"
SAVE_DIR="/zhome/0c/9/212141/DL/Deep-learning-for-segmentation-of-micro-tomography-images/models/predicted_models"

EPOCHS=100
LR=1e-4
BATCH_SIZE=1  # can reduce to 2 or 1 if OOM persists

# Set PyTorch environment variable to reduce fragmentation

(... more ...)
------------------------------------------------------------

Successfully completed.

Resource usage summary:

    CPU time :                                   299.20 sec.
    Max Memory :                                 1030 MB
    Average Memory :                             973.50 MB
    Total Requested Memory :                     81920.00 MB
    Delta Memory :                               80890.00 MB
    Max Swap :                                   -
    Max Processes :                              4
    Max Threads :                                8
    Run time :                                   317 sec.
    Turnaround time :                            305 sec.

The output (if any) is above this job summary.



PS:

Read file </zhome/0c/9/212141/DL/Deep-learning-for-segmentation-of-micro-tomography-images/logs/unetvit_train_27222288.err> for stderr output of this job.

