Starting training script...
IMG_DATA_PATH: /zhome/0c/9/212141/DL/Deep-learning-for-segmentation-of-micro-tomography-images/datas/Original Images
MASK_DATA_PATH: /zhome/0c/9/212141/DL/Deep-learning-for-segmentation-of-micro-tomography-images/datas/Original Masks
SAVE_DIR: /zhome/0c/9/212141/DL/Deep-learning-for-segmentation-of-micro-tomography-images/models/predicted_models
EPOCHS: 100
LR: 1e-4
BATCH_SIZE: 1
Activating virtual environment...
Save directory created/checked: /zhome/0c/9/212141/DL/Deep-learning-for-segmentation-of-micro-tomography-images/models/predicted_models
Clearing CUDA cache...
Executing Python training script...
Train samples: 17
Val samples: 5
Using device: cuda
Size: torch.Size([1, 1, 768, 768])
Size: torch.Size([1, 64, 766, 766])
Size: torch.Size([1, 64, 764, 764])
Size: torch.Size([1, 64, 382, 382])
Size: torch.Size([1, 128, 380, 380])
Size: torch.Size([1, 128, 378, 378])
Size: torch.Size([1, 128, 189, 189])
Size: torch.Size([1, 256, 187, 187])
Size: torch.Size([1, 256, 185, 185])
Size: torch.Size([1, 256, 92, 92])
Size: torch.Size([1, 512, 90, 90])
Size: torch.Size([1, 512, 88, 88])
Size: torch.Size([1, 1024, 88, 88])
Size: torch.Size([1, 512, 88, 88])
Size: torch.Size([1, 1024, 88, 88])
Size: torch.Size([1, 1024, 88, 88])
Size: torch.Size([1, 512, 86, 86])
Size: torch.Size([1, 512, 84, 84])
Size: torch.Size([1, 512, 168, 168])
Size: torch.Size([1, 256, 168, 168])
Size: torch.Size([1, 512, 168, 168])
Size: torch.Size([1, 512, 168, 168])
Size: torch.Size([1, 256, 166, 166])
Size: torch.Size([1, 256, 164, 164])
Size: torch.Size([1, 256, 328, 328])
Size: torch.Size([1, 128, 328, 328])
Size: torch.Size([1, 256, 328, 328])
Size: torch.Size([1, 256, 328, 328])
Size: torch.Size([1, 128, 326, 326])
Size: torch.Size([1, 128, 324, 324])
Size: torch.Size([1, 128, 648, 648])
Size: torch.Size([1, 64, 648, 648])
Size: torch.Size([1, 128, 648, 648])
Size: torch.Size([1, 128, 648, 648])
Size: torch.Size([1, 64, 646, 646])
Size: torch.Size([1, 64, 644, 644])
Epoch 1/100 | Train Loss: 0.8935 | Val Loss: 0.8174 | Val Dice: 0.9464
Epoch 2/100 | Train Loss: 0.7069 | Val Loss: 0.5386 | Val Dice: 0.9464
Epoch 3/100 | Train Loss: 0.6409 | Val Loss: 0.5791 | Val Dice: 0.9458
Epoch 4/100 | Train Loss: 0.6137 | Val Loss: 0.5763 | Val Dice: 0.9453
Epoch 5/100 | Train Loss: 0.5850 | Val Loss: 0.5461 | Val Dice: 0.9454
Epoch 6/100 | Train Loss: 0.5482 | Val Loss: 0.5517 | Val Dice: 0.9362
Epoch 7/100 | Train Loss: 0.5451 | Val Loss: 0.5537 | Val Dice: 0.9308
Epoch 8/100 | Train Loss: 0.5051 | Val Loss: 0.5155 | Val Dice: 0.9477
Epoch 9/100 | Train Loss: 0.4723 | Val Loss: 0.5147 | Val Dice: 0.9473
Epoch 10/100 | Train Loss: 0.4713 | Val Loss: 0.5261 | Val Dice: 0.9428
Epoch 11/100 | Train Loss: 0.4563 | Val Loss: 0.5113 | Val Dice: 0.9461
Epoch 12/100 | Train Loss: 0.4553 | Val Loss: 0.5141 | Val Dice: 0.9467
Epoch 13/100 | Train Loss: 0.4251 | Val Loss: 0.5242 | Val Dice: 0.9411
Epoch 14/100 | Train Loss: 0.4415 | Val Loss: 0.4683 | Val Dice: 0.9496
Epoch 15/100 | Train Loss: 0.4175 | Val Loss: 0.5008 | Val Dice: 0.9470
Epoch 16/100 | Train Loss: 0.4131 | Val Loss: 0.5193 | Val Dice: 0.9406
Epoch 17/100 | Train Loss: 0.4154 | Val Loss: 0.4543 | Val Dice: 0.9490
Epoch 18/100 | Train Loss: 0.3825 | Val Loss: 0.4645 | Val Dice: 0.9458
Epoch 19/100 | Train Loss: 0.3927 | Val Loss: 0.4566 | Val Dice: 0.9493
Epoch 20/100 | Train Loss: 0.3754 | Val Loss: 0.4454 | Val Dice: 0.9513
Epoch 21/100 | Train Loss: 0.3480 | Val Loss: 0.4308 | Val Dice: 0.9503
Epoch 22/100 | Train Loss: 0.3518 | Val Loss: 0.4403 | Val Dice: 0.9494
Epoch 23/100 | Train Loss: 0.3517 | Val Loss: 0.4498 | Val Dice: 0.9486
Epoch 24/100 | Train Loss: 0.3428 | Val Loss: 0.4290 | Val Dice: 0.9503
Epoch 25/100 | Train Loss: 0.3423 | Val Loss: 0.4316 | Val Dice: 0.9502
Epoch 26/100 | Train Loss: 0.3257 | Val Loss: 0.4393 | Val Dice: 0.9495
Epoch 27/100 | Train Loss: 0.3249 | Val Loss: 0.4193 | Val Dice: 0.9527
Epoch 28/100 | Train Loss: 0.3005 | Val Loss: 0.4275 | Val Dice: 0.9495
Epoch 29/100 | Train Loss: 0.2969 | Val Loss: 0.4228 | Val Dice: 0.9506
Epoch 30/100 | Train Loss: 0.3088 | Val Loss: 0.4170 | Val Dice: 0.9514
Epoch 31/100 | Train Loss: 0.2979 | Val Loss: 0.4152 | Val Dice: 0.9524
Epoch 32/100 | Train Loss: 0.2873 | Val Loss: 0.4297 | Val Dice: 0.9499
Epoch 33/100 | Train Loss: 0.2926 | Val Loss: 0.4173 | Val Dice: 0.9523
Epoch 34/100 | Train Loss: 0.2842 | Val Loss: 0.4201 | Val Dice: 0.9510
Epoch 35/100 | Train Loss: 0.2652 | Val Loss: 0.4196 | Val Dice: 0.9524
Epoch 36/100 | Train Loss: 0.2748 | Val Loss: 0.4148 | Val Dice: 0.9519
Epoch 37/100 | Train Loss: 0.2673 | Val Loss: 0.4214 | Val Dice: 0.9515
Epoch 38/100 | Train Loss: 0.2677 | Val Loss: 0.4123 | Val Dice: 0.9520
Epoch 39/100 | Train Loss: 0.2844 | Val Loss: 0.4039 | Val Dice: 0.9539
Epoch 40/100 | Train Loss: 0.2819 | Val Loss: 0.4168 | Val Dice: 0.9523
Epoch 41/100 | Train Loss: 0.2647 | Val Loss: 0.4197 | Val Dice: 0.9517
Epoch 42/100 | Train Loss: 0.2538 | Val Loss: 0.4177 | Val Dice: 0.9522
Epoch 43/100 | Train Loss: 0.2692 | Val Loss: 0.3997 | Val Dice: 0.9532
Epoch 44/100 | Train Loss: 0.2602 | Val Loss: 0.4093 | Val Dice: 0.9520
Epoch 45/100 | Train Loss: 0.2658 | Val Loss: 0.4107 | Val Dice: 0.9525
Epoch 46/100 | Train Loss: 0.2499 | Val Loss: 0.4099 | Val Dice: 0.9520
Epoch 47/100 | Train Loss: 0.2525 | Val Loss: 0.4104 | Val Dice: 0.9523
Epoch 48/100 | Train Loss: 0.2562 | Val Loss: 0.4132 | Val Dice: 0.9519
Epoch 49/100 | Train Loss: 0.2541 | Val Loss: 0.4104 | Val Dice: 0.9530
Epoch 50/100 | Train Loss: 0.2676 | Val Loss: 0.4052 | Val Dice: 0.9529
Epoch 51/100 | Train Loss: 0.2700 | Val Loss: 0.4043 | Val Dice: 0.9530
Epoch 52/100 | Train Loss: 0.2657 | Val Loss: 0.4148 | Val Dice: 0.9517
Epoch 53/100 | Train Loss: 0.2471 | Val Loss: 0.4121 | Val Dice: 0.9520
Epoch 54/100 | Train Loss: 0.2611 | Val Loss: 0.4073 | Val Dice: 0.9536
Epoch 55/100 | Train Loss: 0.2542 | Val Loss: 0.3978 | Val Dice: 0.9543
Epoch 56/100 | Train Loss: 0.2546 | Val Loss: 0.4046 | Val Dice: 0.9532
Epoch 57/100 | Train Loss: 0.2490 | Val Loss: 0.4077 | Val Dice: 0.9526
Epoch 58/100 | Train Loss: 0.2433 | Val Loss: 0.4004 | Val Dice: 0.9537
Epoch 59/100 | Train Loss: 0.2591 | Val Loss: 0.4080 | Val Dice: 0.9531
Epoch 60/100 | Train Loss: 0.2313 | Val Loss: 0.4037 | Val Dice: 0.9533
Epoch 61/100 | Train Loss: 0.2474 | Val Loss: 0.4091 | Val Dice: 0.9519
Epoch 62/100 | Train Loss: 0.2531 | Val Loss: 0.4126 | Val Dice: 0.9524
Epoch 63/100 | Train Loss: 0.2507 | Val Loss: 0.4043 | Val Dice: 0.9539
Epoch 64/100 | Train Loss: 0.2434 | Val Loss: 0.4142 | Val Dice: 0.9523
Epoch 65/100 | Train Loss: 0.2463 | Val Loss: 0.4103 | Val Dice: 0.9532
Epoch 66/100 | Train Loss: 0.2430 | Val Loss: 0.4103 | Val Dice: 0.9527
Epoch 67/100 | Train Loss: 0.2439 | Val Loss: 0.4064 | Val Dice: 0.9531
Epoch 68/100 | Train Loss: 0.2419 | Val Loss: 0.4068 | Val Dice: 0.9531
Epoch 69/100 | Train Loss: 0.2431 | Val Loss: 0.4197 | Val Dice: 0.9512
Epoch 70/100 | Train Loss: 0.2471 | Val Loss: 0.4072 | Val Dice: 0.9530
Epoch 71/100 | Train Loss: 0.2516 | Val Loss: 0.4133 | Val Dice: 0.9524
Epoch 72/100 | Train Loss: 0.2508 | Val Loss: 0.4107 | Val Dice: 0.9524
Epoch 73/100 | Train Loss: 0.2489 | Val Loss: 0.4103 | Val Dice: 0.9535
Epoch 74/100 | Train Loss: 0.2466 | Val Loss: 0.4071 | Val Dice: 0.9525
Early stopping at epoch 75
Final Average Dice Score over Validation Images: 0.9527
Model saved to /zhome/0c/9/212141/DL/Deep-learning-for-segmentation-of-micro-tomography-images/models/predicted_models/unet_vit_trained.pth ✔
Example prediction and ground truth saved to /zhome/0c/9/212141/DL/Deep-learning-for-segmentation-of-micro-tomography-images/models/predicted_models/predictions/pred_example.tif ✔
Training script finished successfully.

------------------------------------------------------------
Sender: LSF System <lsfadmin@hpc.dtu.dk>
Subject: Job 27214110: <UnetViTTrain> in cluster <dcc> Done

Job <UnetViTTrain> was submitted from host <n-62-11-12> by user <s241646> in cluster <dcc> at Sat Nov 29 15:41:57 2025
Job was executed on host(s) <4*n-62-18-13>, in queue <c02516>, as user <s241646> in cluster <dcc> at Sat Nov 29 15:41:59 2025
</zhome/0c/9/212141> was used as the home directory.
</zhome/0c/9/212141/DL/Deep-learning-for-segmentation-of-micro-tomography-images> was used as the working directory.
Started at Sat Nov 29 15:41:59 2025
Terminated at Sat Nov 29 15:54:22 2025
Results reported at Sat Nov 29 15:54:22 2025

Your job looked like:

------------------------------------------------------------
# LSBATCH: User input
#!/bin/bash

# ------------------------------
# BSUB directives (LSF scheduler)
# ------------------------------

# Queue with GPU nodes (change if needed)
#BSUB -q c02516

# Request 1 GPU in exclusive mode (if supported by your cluster)
#BSUB -gpu "num=1:mode=exclusive_process"

# Job name
#BSUB -J UnetViTTrain

# Number of CPU cores
#BSUB -n 4

# Keep job on a single node
#BSUB -R "span[hosts=1]"

# Request sufficient RAM (increase if needed)
#BSUB -R "rusage[mem=20GB]"

# Wall time (hh:mm)
#BSUB -W 08:00

# Absolute paths for log files
#BSUB -o /zhome/0c/9/212141/DL/Deep-learning-for-segmentation-of-micro-tomography-images/logs/unetvit_train_%J.out
#BSUB -e /zhome/0c/9/212141/DL/Deep-learning-for-segmentation-of-micro-tomography-images/logs/unetvit_train_%J.err


# ------------------------------
# Script starts
# ------------------------------

set -e

# ------------------------------
# Configuration
# ------------------------------
IMG_DATA_PATH="/zhome/0c/9/212141/DL/Deep-learning-for-segmentation-of-micro-tomography-images/datas/Original Images"
MASK_DATA_PATH="/zhome/0c/9/212141/DL/Deep-learning-for-segmentation-of-micro-tomography-images/datas/Original Masks"
SAVE_DIR="/zhome/0c/9/212141/DL/Deep-learning-for-segmentation-of-micro-tomography-images/models/predicted_models"

EPOCHS=100
LR=1e-4
BATCH_SIZE=1  # can reduce to 2 or 1 if OOM persists

# Set PyTorch environment variable to reduce fragmentation

(... more ...)
------------------------------------------------------------

Successfully completed.

Resource usage summary:

    CPU time :                                   737.80 sec.
    Max Memory :                                 935 MB
    Average Memory :                             927.71 MB
    Total Requested Memory :                     81920.00 MB
    Delta Memory :                               80985.00 MB
    Max Swap :                                   -
    Max Processes :                              4
    Max Threads :                                8
    Run time :                                   831 sec.
    Turnaround time :                            745 sec.

The output (if any) is above this job summary.



PS:

Read file </zhome/0c/9/212141/DL/Deep-learning-for-segmentation-of-micro-tomography-images/logs/unetvit_train_27214110.err> for stderr output of this job.

